false

true

true

false

true

false

false

true

true

true

false

false
