<div><span>Here are two odd numbers:  3 and 1</span></div>



<div>One number is greater than the other:  3 &gt; 1</div>