
Nobody here!

Your password cannot be the same as your name!
Please try a different one.

Hello, visitor!

That's an affirmative, Bob!

Hello, fellow human Jack. How was your day?

Dang, nothing here!

Hello, Jack the Fantastic!
