<div id="container">
      <a data-func="webrtc.joinRoom" data-room="test" href="#" class="list-group-item">
        <h4 class="list-group-item-heading">Test</h4>
        <p class="list-group-item-text">testing</p>
      </a>
</div>


      <a data-func="webrtc.joinRoom" data-room="test" href="#" class="list-group-item">
        <h4 class="list-group-item-heading">Test</h4>
        <p class="list-group-item-text">testing</p>
      </a>