<!-- IF t[utu -->xxxxx<!-- ENDIF tutu -->

{{{ if t[utu }}} xxxxx {{{ bend tutu }}}
